// Jest Snapshot v1, https://goo.gl/fbAQLP

exports[`AddAlbumImages renders correctly enzyme 1`] = `
<Fragment>
  <div
    className="userAlbumAdd"
    onClick={[Function]}
  >
    <div
      className="userAlbumCover"
    >
      <img
        alt="image_flickr"
        className="img-responsive"
        id="contentAdd"
        src="https://picsum.photos/600/200?random=2"
      />
      <div
        className="albumAddInfo"
      >
        <h5
          className="albumTitleAdd"
        >
          Title
        </h5>
        <h5
          className="albumInfoAdd"
        >
          17
           
          items
        </h5>
      </div>
      <div
        className="checkIcon"
      >
        <FontAwesomeIcon
          border={false}
          className=""
          color="cornflowerblue"
          fixedWidth={false}
          flip={null}
          icon={
            Object {
              "icon": Array [
                512,
                512,
                Array [],
                "f058",
                "M504 256c0 136.967-111.033 248-248 248S8 392.967 8 256 119.033 8 256 8s248 111.033 248 248zM227.314 387.314l184-184c6.248-6.248 6.248-16.379 0-22.627l-22.627-22.627c-6.248-6.249-16.379-6.249-22.628 0L216 308.118l-70.059-70.059c-6.248-6.248-16.379-6.248-22.628 0l-22.627 22.627c-6.248 6.248-6.248 16.379 0 22.627l104 104c6.249 6.249 16.379 6.249 22.628.001z",
              ],
              "iconName": "check-circle",
              "prefix": "fas",
            }
          }
          inverse={false}
          listItem={false}
          mask={null}
          pull={null}
          pulse={false}
          rotation={null}
          size="1x"
          spin={false}
          swapOpacity={false}
          symbol={false}
          title=""
          transform={null}
        />
      </div>
    </div>
  </div>
</Fragment>
`;
