// Jest Snapshot v1, https://goo.gl/fbAQLP

exports[`AddModal renders correctly enzyme 1`] = `
<Fragment>
  <div
    className="modal__backdrop_edit"
  >
    <div
      className="modalContainerAdd"
    >
      <span
        className="closeAdd"
        onClick={[Function]}
      >
        Ã—
      </span>
      <div
        className="row"
      >
        <h3
          className="modal__title_edit list-label"
        >
          Add to: 
        </h3>
        <h3
          className="modalAdd"
        >
          Album 
        </h3>
      </div>
      <hr
        id="hrSearch"
      />
      <div
        className="addBody"
      />
      <hr
        id="hrBottom"
      />
      <a
        className="newAlbum"
        href="#"
        onClick={[Function]}
      >
        <FontAwesomeIcon
          border={false}
          className=""
          color="DarkGrey"
          fixedWidth={false}
          flip={null}
          icon={
            Object {
              "icon": Array [
                448,
                512,
                Array [],
                "f067",
                "M416 208H272V64c0-17.67-14.33-32-32-32h-32c-17.67 0-32 14.33-32 32v144H32c-17.67 0-32 14.33-32 32v32c0 17.67 14.33 32 32 32h144v144c0 17.67 14.33 32 32 32h32c17.67 0 32-14.33 32-32V304h144c17.67 0 32-14.33 32-32v-32c0-17.67-14.33-32-32-32z",
              ],
              "iconName": "plus",
              "prefix": "fas",
            }
          }
          inverse={false}
          listItem={false}
          mask={null}
          pull={null}
          pulse={false}
          rotation={null}
          size={null}
          spin={false}
          swapOpacity={false}
          symbol={false}
          title=""
          transform={null}
        />
         
        Create new album
      </a>
      <button
        id="doneAdd"
        onClick={[Function]}
        type="button"
      >
        Done
      </button>
    </div>
  </div>
</Fragment>
`;
