// Jest Snapshot v1, https://goo.gl/fbAQLP

exports[`EditModal renders correctly enzyme 1`] = `
<Fragment>
  <div
    className="modal__backdrop_edit"
  >
    <div
      className="modal__container_edit"
    >
      <span
        className="close_edit"
        onClick={[Function]}
      >
        Ã—
      </span>
      <h3
        className="modal__title_edit"
      >
        Editing
         
        3
         
        photos
         
      </h3>
      <div
        className="title-desc-container"
      >
        <input
          className="edit-title"
          onChange={[Function]}
          placeholder="Change title"
          type="text"
        />
        <hr />
        <textarea
          className="edit-description"
          onChange={[Function]}
          placeholder="Change description"
        />
      </div>
      <span
        className="privacy-label"
      >
        Who can see this photo ?
      </span>
      <span
        className="space"
      />
      <DropdownPrivacy
        imgEditIds="[1,2,3]"
      />
      <div
        className="row"
      >
        <div
          className="edit-tag"
        >
          <FontAwesomeIcon
            border={false}
            className=""
            color="DarkGrey"
            fixedWidth={false}
            flip={null}
            icon={
              Object {
                "icon": Array [
                  512,
                  512,
                  Array [],
                  "f02b",
                  "M0 252.118V48C0 21.49 21.49 0 48 0h204.118a48 48 0 0 1 33.941 14.059l211.882 211.882c18.745 18.745 18.745 49.137 0 67.882L293.823 497.941c-18.745 18.745-49.137 18.745-67.882 0L14.059 286.059A48 48 0 0 1 0 252.118zM112 64c-26.51 0-48 21.49-48 48s21.49 48 48 48 48-21.49 48-48-21.49-48-48-48z",
                ],
                "iconName": "tag",
                "prefix": "fas",
              }
            }
            inverse={false}
            listItem={false}
            mask={null}
            pull={null}
            pulse={false}
            rotation={null}
            size={null}
            spin={false}
            swapOpacity={false}
            symbol={false}
            title=""
            transform={null}
          />
            
          <input
            className="no-outline"
            onChange={[Function]}
            placeholder="Add new tags"
            type="text"
          />
        </div>
        <div
          className="edit-tag"
        >
          <FontAwesomeIcon
            border={false}
            className=""
            color="DarkGrey"
            fixedWidth={false}
            flip={null}
            icon={
              Object {
                "icon": Array [
                  640,
                  512,
                  Array [],
                  "f500",
                  "M192 256c61.9 0 112-50.1 112-112S253.9 32 192 32 80 82.1 80 144s50.1 112 112 112zm76.8 32h-8.3c-20.8 10-43.9 16-68.5 16s-47.6-6-68.5-16h-8.3C51.6 288 0 339.6 0 403.2V432c0 26.5 21.5 48 48 48h288c26.5 0 48-21.5 48-48v-28.8c0-63.6-51.6-115.2-115.2-115.2zM480 256c53 0 96-43 96-96s-43-96-96-96-96 43-96 96 43 96 96 96zm48 32h-3.8c-13.9 4.8-28.6 8-44.2 8s-30.3-3.2-44.2-8H432c-20.4 0-39.2 5.9-55.7 15.4 24.4 26.3 39.7 61.2 39.7 99.8v38.4c0 2.2-.5 4.3-.6 6.4H592c26.5 0 48-21.5 48-48 0-61.9-50.1-112-112-112z",
                ],
                "iconName": "user-friends",
                "prefix": "fas",
              }
            }
            inverse={false}
            listItem={false}
            mask={null}
            pull={null}
            pulse={false}
            rotation={null}
            size={null}
            spin={false}
            swapOpacity={false}
            symbol={false}
            title=""
            transform={null}
          />
            
          <input
            className="no-outline"
            onChange={[Function]}
            placeholder="Add new people"
            type="text"
          />
        </div>
      </div>
      <div
        className="edit-footer"
      >
        <button
          id="save_edit"
          onClick={[Function]}
          type="button"
        >
          Save
        </button>
        <button
          id="cancel_edit"
          onClick={[Function]}
          type="button"
        >
          Cancel
        </button>
      </div>
    </div>
  </div>
</Fragment>
`;
