// Jest Snapshot v1, https://goo.gl/fbAQLP

exports[`SideNavBar renders correctly enzyme 1`] = `
<Fragment>
  <div
    className="sidenavbar"
  >
    <a
      aria-current="page"
      className="nav-link active "
      href="/#"
    >
      2021
    </a>
    <a
      className="nav-link "
      href="/#"
    >
      - April
    </a>
    <a
      className="nav-link text-secondary"
      href="/#"
    >
      - January
    </a>
  </div>
</Fragment>
`;
